>--+ program
|  >--+ declaration-list
|  |  >--+ declaration-list
|  |  |  >--+ declaration-list
|  |  |  |  >--+ declaration
|  |  |  |  |  >--+ var-declaration
|  |  |  |  |  |  >--+ type-specifier
|  |  |  |  |  |  |  >--* int
|  |  |  |  |  |  >--* a
|  |  |  |  |  |  >--* ;
|  |  |  >--+ declaration
|  |  |  |  >--+ fun-declaration
|  |  |  |  |  >--+ type-specifier
|  |  |  |  |  |  >--* int
|  |  |  |  |  >--* cmp
|  |  |  |  |  >--* (
|  |  |  |  |  >--+ params
|  |  |  |  |  |  >--+ param-list
|  |  |  |  |  |  |  >--+ param-list
|  |  |  |  |  |  |  |  >--+ param
|  |  |  |  |  |  |  |  |  >--+ type-specifier
|  |  |  |  |  |  |  |  |  |  >--* int
|  |  |  |  |  |  |  |  |  >--* a
|  |  |  |  |  |  |  >--* ,
|  |  |  |  |  |  |  >--+ param
|  |  |  |  |  |  |  |  >--+ type-specifier
|  |  |  |  |  |  |  |  |  >--* int
|  |  |  |  |  |  |  |  >--* b
|  |  |  |  |  >--* )
|  |  |  |  |  >--+ compound-stmt
|  |  |  |  |  |  >--* {
|  |  |  |  |  |  >--+ local-declarations
|  |  |  |  |  |  |  >--+ local-declarations
|  |  |  |  |  |  |  |  >--* epsilon
|  |  |  |  |  |  |  >--+ var-declaration
|  |  |  |  |  |  |  |  >--+ type-specifier
|  |  |  |  |  |  |  |  |  >--* int
|  |  |  |  |  |  |  |  >--* c
|  |  |  |  |  |  |  |  >--* ;
|  |  |  |  |  |  >--+ statement-list
|  |  |  |  |  |  |  >--+ statement-list
|  |  |  |  |  |  |  |  >--+ statement-list
|  |  |  |  |  |  |  |  |  >--+ statement-list
|  |  |  |  |  |  |  |  |  |  >--* epsilon
|  |  |  |  |  |  |  |  |  >--+ statement
|  |  |  |  |  |  |  |  |  |  >--+ expression-stmt
|  |  |  |  |  |  |  |  |  |  |  >--+ expression
|  |  |  |  |  |  |  |  |  |  |  |  >--+ var
|  |  |  |  |  |  |  |  |  |  |  |  |  >--* c
|  |  |  |  |  |  |  |  |  |  |  |  >--* =
|  |  |  |  |  |  |  |  |  |  |  |  >--+ expression
|  |  |  |  |  |  |  |  |  |  |  |  |  >--+ simple-expression
|  |  |  |  |  |  |  |  |  |  |  |  |  |  >--+ additive-expression
|  |  |  |  |  |  |  |  |  |  |  |  |  |  |  >--+ term
|  |  |  |  |  |  |  |  |  |  |  |  |  |  |  |  >--+ factor
|  |  |  |  |  |  |  |  |  |  |  |  |  |  |  |  |  >--+ var
|  |  |  |  |  |  |  |  |  |  |  |  |  |  |  |  |  |  >--* a
|  |  |  |  |  |  |  |  |  |  |  >--* ;
|  |  |  |  |  |  |  |  >--+ statement
|  |  |  |  |  |  |  |  |  >--+ selection-stmt
|  |  |  |  |  |  |  |  |  |  >--* if
|  |  |  |  |  |  |  |  |  |  >--* (
|  |  |  |  |  |  |  |  |  |  >--+ expression
|  |  |  |  |  |  |  |  |  |  |  >--+ simple-expression
|  |  |  |  |  |  |  |  |  |  |  |  >--+ additive-expression
|  |  |  |  |  |  |  |  |  |  |  |  |  >--+ term
|  |  |  |  |  |  |  |  |  |  |  |  |  |  >--+ factor
|  |  |  |  |  |  |  |  |  |  |  |  |  |  |  >--+ var
|  |  |  |  |  |  |  |  |  |  |  |  |  |  |  |  >--* a
|  |  |  |  |  |  |  |  |  |  |  |  >--+ relop
|  |  |  |  |  |  |  |  |  |  |  |  |  >--* >
|  |  |  |  |  |  |  |  |  |  |  |  >--+ additive-expression
|  |  |  |  |  |  |  |  |  |  |  |  |  >--+ term
|  |  |  |  |  |  |  |  |  |  |  |  |  |  >--+ factor
|  |  |  |  |  |  |  |  |  |  |  |  |  |  |  >--+ var
|  |  |  |  |  |  |  |  |  |  |  |  |  |  |  |  >--* b
|  |  |  |  |  |  |  |  |  |  >--* )
|  |  |  |  |  |  |  |  |  |  >--+ statement
|  |  |  |  |  |  |  |  |  |  |  >--+ compound-stmt
|  |  |  |  |  |  |  |  |  |  |  |  >--* {
|  |  |  |  |  |  |  |  |  |  |  |  >--+ local-declarations
|  |  |  |  |  |  |  |  |  |  |  |  |  >--* epsilon
|  |  |  |  |  |  |  |  |  |  |  |  >--+ statement-list
|  |  |  |  |  |  |  |  |  |  |  |  |  >--+ statement-list
|  |  |  |  |  |  |  |  |  |  |  |  |  |  >--* epsilon
|  |  |  |  |  |  |  |  |  |  |  |  |  >--+ statement
|  |  |  |  |  |  |  |  |  |  |  |  |  |  >--+ expression-stmt
|  |  |  |  |  |  |  |  |  |  |  |  |  |  |  >--+ expression
|  |  |  |  |  |  |  |  |  |  |  |  |  |  |  |  >--+ var
|  |  |  |  |  |  |  |  |  |  |  |  |  |  |  |  |  >--* c
|  |  |  |  |  |  |  |  |  |  |  |  |  |  |  |  >--* =
|  |  |  |  |  |  |  |  |  |  |  |  |  |  |  |  >--+ expression
|  |  |  |  |  |  |  |  |  |  |  |  |  |  |  |  |  >--+ simple-expression
|  |  |  |  |  |  |  |  |  |  |  |  |  |  |  |  |  |  >--+ additive-expression
|  |  |  |  |  |  |  |  |  |  |  |  |  |  |  |  |  |  |  >--+ additive-expression
|  |  |  |  |  |  |  |  |  |  |  |  |  |  |  |  |  |  |  |  >--+ term
|  |  |  |  |  |  |  |  |  |  |  |  |  |  |  |  |  |  |  |  |  >--+ factor
|  |  |  |  |  |  |  |  |  |  |  |  |  |  |  |  |  |  |  |  |  |  >--+ var
|  |  |  |  |  |  |  |  |  |  |  |  |  |  |  |  |  |  |  |  |  |  |  >--* a
|  |  |  |  |  |  |  |  |  |  |  |  |  |  |  |  |  |  |  >--+ addop
|  |  |  |  |  |  |  |  |  |  |  |  |  |  |  |  |  |  |  |  >--* -
|  |  |  |  |  |  |  |  |  |  |  |  |  |  |  |  |  |  |  >--+ term
|  |  |  |  |  |  |  |  |  |  |  |  |  |  |  |  |  |  |  |  >--+ factor
|  |  |  |  |  |  |  |  |  |  |  |  |  |  |  |  |  |  |  |  |  >--+ var
|  |  |  |  |  |  |  |  |  |  |  |  |  |  |  |  |  |  |  |  |  |  >--* b
|  |  |  |  |  |  |  |  |  |  |  |  |  |  |  >--* ;
|  |  |  |  |  |  |  |  |  |  |  |  >--* }
|  |  |  |  |  |  |  |  |  |  >--* else
|  |  |  |  |  |  |  |  |  |  >--+ statement
|  |  |  |  |  |  |  |  |  |  |  >--+ compound-stmt
|  |  |  |  |  |  |  |  |  |  |  |  >--* {
|  |  |  |  |  |  |  |  |  |  |  |  >--+ local-declarations
|  |  |  |  |  |  |  |  |  |  |  |  |  >--* epsilon
|  |  |  |  |  |  |  |  |  |  |  |  >--+ statement-list
|  |  |  |  |  |  |  |  |  |  |  |  |  >--+ statement-list
|  |  |  |  |  |  |  |  |  |  |  |  |  |  >--* epsilon
|  |  |  |  |  |  |  |  |  |  |  |  |  >--+ statement
|  |  |  |  |  |  |  |  |  |  |  |  |  |  >--+ expression-stmt
|  |  |  |  |  |  |  |  |  |  |  |  |  |  |  >--+ expression
|  |  |  |  |  |  |  |  |  |  |  |  |  |  |  |  >--+ var
|  |  |  |  |  |  |  |  |  |  |  |  |  |  |  |  |  >--* c
|  |  |  |  |  |  |  |  |  |  |  |  |  |  |  |  >--* =
|  |  |  |  |  |  |  |  |  |  |  |  |  |  |  |  >--+ expression
|  |  |  |  |  |  |  |  |  |  |  |  |  |  |  |  |  >--+ simple-expression
|  |  |  |  |  |  |  |  |  |  |  |  |  |  |  |  |  |  >--+ additive-expression
|  |  |  |  |  |  |  |  |  |  |  |  |  |  |  |  |  |  |  >--+ additive-expression
|  |  |  |  |  |  |  |  |  |  |  |  |  |  |  |  |  |  |  |  >--+ term
|  |  |  |  |  |  |  |  |  |  |  |  |  |  |  |  |  |  |  |  |  >--+ factor
|  |  |  |  |  |  |  |  |  |  |  |  |  |  |  |  |  |  |  |  |  |  >--+ var
|  |  |  |  |  |  |  |  |  |  |  |  |  |  |  |  |  |  |  |  |  |  |  >--* b
|  |  |  |  |  |  |  |  |  |  |  |  |  |  |  |  |  |  |  >--+ addop
|  |  |  |  |  |  |  |  |  |  |  |  |  |  |  |  |  |  |  |  >--* -
|  |  |  |  |  |  |  |  |  |  |  |  |  |  |  |  |  |  |  >--+ term
|  |  |  |  |  |  |  |  |  |  |  |  |  |  |  |  |  |  |  |  >--+ factor
|  |  |  |  |  |  |  |  |  |  |  |  |  |  |  |  |  |  |  |  |  >--+ var
|  |  |  |  |  |  |  |  |  |  |  |  |  |  |  |  |  |  |  |  |  |  >--* a
|  |  |  |  |  |  |  |  |  |  |  |  |  |  |  >--* ;
|  |  |  |  |  |  |  |  |  |  |  |  >--* }
|  |  |  |  |  |  |  >--+ statement
|  |  |  |  |  |  |  |  >--+ return-stmt
|  |  |  |  |  |  |  |  |  >--* return
|  |  |  |  |  |  |  |  |  >--+ expression
|  |  |  |  |  |  |  |  |  |  >--+ simple-expression
|  |  |  |  |  |  |  |  |  |  |  >--+ additive-expression
|  |  |  |  |  |  |  |  |  |  |  |  >--+ term
|  |  |  |  |  |  |  |  |  |  |  |  |  >--+ factor
|  |  |  |  |  |  |  |  |  |  |  |  |  |  >--+ var
|  |  |  |  |  |  |  |  |  |  |  |  |  |  |  >--* c
|  |  |  |  |  |  |  |  |  >--* ;
|  |  |  |  |  |  >--* }
|  |  >--+ declaration
|  |  |  >--+ fun-declaration
|  |  |  |  >--+ type-specifier
|  |  |  |  |  >--* void
|  |  |  |  >--* function
|  |  |  |  >--* (
|  |  |  |  >--+ params
|  |  |  |  |  >--+ param-list
|  |  |  |  |  |  >--+ param
|  |  |  |  |  |  |  >--+ type-specifier
|  |  |  |  |  |  |  |  >--* int
|  |  |  |  |  |  |  >--* a
|  |  |  |  >--* )
|  |  |  |  >--+ compound-stmt
|  |  |  |  |  >--* {
|  |  |  |  |  >--+ local-declarations
|  |  |  |  |  |  >--+ local-declarations
|  |  |  |  |  |  |  >--+ local-declarations
|  |  |  |  |  |  |  |  >--* epsilon
|  |  |  |  |  |  |  >--+ var-declaration
|  |  |  |  |  |  |  |  >--+ type-specifier
|  |  |  |  |  |  |  |  |  >--* int
|  |  |  |  |  |  |  |  >--* i
|  |  |  |  |  |  |  |  >--* ;
|  |  |  |  |  |  >--+ var-declaration
|  |  |  |  |  |  |  >--+ type-specifier
|  |  |  |  |  |  |  |  >--* int
|  |  |  |  |  |  |  >--* sum
|  |  |  |  |  |  |  >--* ;
|  |  |  |  |  >--+ statement-list
|  |  |  |  |  |  >--+ statement-list
|  |  |  |  |  |  |  >--+ statement-list
|  |  |  |  |  |  |  |  >--+ statement-list
|  |  |  |  |  |  |  |  |  >--* epsilon
|  |  |  |  |  |  |  |  >--+ statement
|  |  |  |  |  |  |  |  |  >--+ expression-stmt
|  |  |  |  |  |  |  |  |  |  >--+ expression
|  |  |  |  |  |  |  |  |  |  |  >--+ var
|  |  |  |  |  |  |  |  |  |  |  |  >--* i
|  |  |  |  |  |  |  |  |  |  |  >--* =
|  |  |  |  |  |  |  |  |  |  |  >--+ expression
|  |  |  |  |  |  |  |  |  |  |  |  >--+ simple-expression
|  |  |  |  |  |  |  |  |  |  |  |  |  >--+ additive-expression
|  |  |  |  |  |  |  |  |  |  |  |  |  |  >--+ term
|  |  |  |  |  |  |  |  |  |  |  |  |  |  |  >--+ factor
|  |  |  |  |  |  |  |  |  |  |  |  |  |  |  |  >--+ integer
|  |  |  |  |  |  |  |  |  |  |  |  |  |  |  |  |  >--* 0
|  |  |  |  |  |  |  |  |  |  >--* ;
|  |  |  |  |  |  |  >--+ statement
|  |  |  |  |  |  |  |  >--+ expression-stmt
|  |  |  |  |  |  |  |  |  >--+ expression
|  |  |  |  |  |  |  |  |  |  >--+ var
|  |  |  |  |  |  |  |  |  |  |  >--* sum
|  |  |  |  |  |  |  |  |  |  >--* =
|  |  |  |  |  |  |  |  |  |  >--+ expression
|  |  |  |  |  |  |  |  |  |  |  >--+ simple-expression
|  |  |  |  |  |  |  |  |  |  |  |  >--+ additive-expression
|  |  |  |  |  |  |  |  |  |  |  |  |  >--+ term
|  |  |  |  |  |  |  |  |  |  |  |  |  |  >--+ factor
|  |  |  |  |  |  |  |  |  |  |  |  |  |  |  >--+ integer
|  |  |  |  |  |  |  |  |  |  |  |  |  |  |  |  >--* 0
|  |  |  |  |  |  |  |  |  >--* ;
|  |  |  |  |  |  >--+ statement
|  |  |  |  |  |  |  >--+ iteration-stmt
|  |  |  |  |  |  |  |  >--* while
|  |  |  |  |  |  |  |  >--* (
|  |  |  |  |  |  |  |  >--+ expression
|  |  |  |  |  |  |  |  |  >--+ simple-expression
|  |  |  |  |  |  |  |  |  |  >--+ additive-expression
|  |  |  |  |  |  |  |  |  |  |  >--+ term
|  |  |  |  |  |  |  |  |  |  |  |  >--+ factor
|  |  |  |  |  |  |  |  |  |  |  |  |  >--+ var
|  |  |  |  |  |  |  |  |  |  |  |  |  |  >--* i
|  |  |  |  |  |  |  |  |  |  >--+ relop
|  |  |  |  |  |  |  |  |  |  |  >--* <
|  |  |  |  |  |  |  |  |  |  >--+ additive-expression
|  |  |  |  |  |  |  |  |  |  |  >--+ term
|  |  |  |  |  |  |  |  |  |  |  |  >--+ factor
|  |  |  |  |  |  |  |  |  |  |  |  |  >--+ integer
|  |  |  |  |  |  |  |  |  |  |  |  |  |  >--* 100
|  |  |  |  |  |  |  |  >--* )
|  |  |  |  |  |  |  |  >--+ statement
|  |  |  |  |  |  |  |  |  >--+ compound-stmt
|  |  |  |  |  |  |  |  |  |  >--* {
|  |  |  |  |  |  |  |  |  |  >--+ local-declarations
|  |  |  |  |  |  |  |  |  |  |  >--* epsilon
|  |  |  |  |  |  |  |  |  |  >--+ statement-list
|  |  |  |  |  |  |  |  |  |  |  >--+ statement-list
|  |  |  |  |  |  |  |  |  |  |  |  >--+ statement-list
|  |  |  |  |  |  |  |  |  |  |  |  |  >--* epsilon
|  |  |  |  |  |  |  |  |  |  |  |  >--+ statement
|  |  |  |  |  |  |  |  |  |  |  |  |  >--+ expression-stmt
|  |  |  |  |  |  |  |  |  |  |  |  |  |  >--+ expression
|  |  |  |  |  |  |  |  |  |  |  |  |  |  |  >--+ var
|  |  |  |  |  |  |  |  |  |  |  |  |  |  |  |  >--* sum
|  |  |  |  |  |  |  |  |  |  |  |  |  |  |  >--* =
|  |  |  |  |  |  |  |  |  |  |  |  |  |  |  >--+ expression
|  |  |  |  |  |  |  |  |  |  |  |  |  |  |  |  >--+ simple-expression
|  |  |  |  |  |  |  |  |  |  |  |  |  |  |  |  |  >--+ additive-expression
|  |  |  |  |  |  |  |  |  |  |  |  |  |  |  |  |  |  >--+ additive-expression
|  |  |  |  |  |  |  |  |  |  |  |  |  |  |  |  |  |  |  >--+ term
|  |  |  |  |  |  |  |  |  |  |  |  |  |  |  |  |  |  |  |  >--+ factor
|  |  |  |  |  |  |  |  |  |  |  |  |  |  |  |  |  |  |  |  |  >--+ var
|  |  |  |  |  |  |  |  |  |  |  |  |  |  |  |  |  |  |  |  |  |  >--* sum
|  |  |  |  |  |  |  |  |  |  |  |  |  |  |  |  |  |  >--+ addop
|  |  |  |  |  |  |  |  |  |  |  |  |  |  |  |  |  |  |  >--* +
|  |  |  |  |  |  |  |  |  |  |  |  |  |  |  |  |  |  >--+ term
|  |  |  |  |  |  |  |  |  |  |  |  |  |  |  |  |  |  |  >--+ factor
|  |  |  |  |  |  |  |  |  |  |  |  |  |  |  |  |  |  |  |  >--+ var
|  |  |  |  |  |  |  |  |  |  |  |  |  |  |  |  |  |  |  |  |  >--* i
|  |  |  |  |  |  |  |  |  |  |  |  |  |  >--* ;
|  |  |  |  |  |  |  |  |  |  |  >--+ statement
|  |  |  |  |  |  |  |  |  |  |  |  >--+ expression-stmt
|  |  |  |  |  |  |  |  |  |  |  |  |  >--+ expression
|  |  |  |  |  |  |  |  |  |  |  |  |  |  >--+ var
|  |  |  |  |  |  |  |  |  |  |  |  |  |  |  >--* i
|  |  |  |  |  |  |  |  |  |  |  |  |  |  >--* =
|  |  |  |  |  |  |  |  |  |  |  |  |  |  >--+ expression
|  |  |  |  |  |  |  |  |  |  |  |  |  |  |  >--+ simple-expression
|  |  |  |  |  |  |  |  |  |  |  |  |  |  |  |  >--+ additive-expression
|  |  |  |  |  |  |  |  |  |  |  |  |  |  |  |  |  >--+ additive-expression
|  |  |  |  |  |  |  |  |  |  |  |  |  |  |  |  |  |  >--+ term
|  |  |  |  |  |  |  |  |  |  |  |  |  |  |  |  |  |  |  >--+ factor
|  |  |  |  |  |  |  |  |  |  |  |  |  |  |  |  |  |  |  |  >--+ var
|  |  |  |  |  |  |  |  |  |  |  |  |  |  |  |  |  |  |  |  |  >--* i
|  |  |  |  |  |  |  |  |  |  |  |  |  |  |  |  |  >--+ addop
|  |  |  |  |  |  |  |  |  |  |  |  |  |  |  |  |  |  >--* +
|  |  |  |  |  |  |  |  |  |  |  |  |  |  |  |  |  >--+ term
|  |  |  |  |  |  |  |  |  |  |  |  |  |  |  |  |  |  >--+ factor
|  |  |  |  |  |  |  |  |  |  |  |  |  |  |  |  |  |  |  >--+ integer
|  |  |  |  |  |  |  |  |  |  |  |  |  |  |  |  |  |  |  |  >--* 1
|  |  |  |  |  |  |  |  |  |  |  |  |  >--* ;
|  |  |  |  |  |  |  |  |  |  >--* }
|  |  |  |  |  >--* }
